<html>
  <head>
    <script src="//ajax.googleapis.com/ajax/libs/jquery/2.1.3/jquery.min.js">
    </script>
    <link rel="stylesheet"
          href="//maxcdn.bootstrapcdn.com/bootstrap/3.3.4/css/bootstrap.min.css">
    <link rel="stylesheet"
          href="//maxcdn.bootstrapcdn.com/font-awesome/4.3.0/css/font-awesome.min.css">
    <script src="//maxcdn.bootstrapcdn.com/bootstrap/3.3.4/js/bootstrap.min.js">
    </script>
    <script src="//cdnjs.cloudflare.com/ajax/libs/underscore.js/1.8.3/underscore-min.js">
    </script>
    <script src="/js/ox.ajast.js"></script>
    <script src="/js/webtoolkit.md5.js"></script>
    <script src="/js/KalturaClientBase.js"></script>
    <script src="/js/KalturaTypes.js"></script>
    <script src="/js/KalturaVO.js"></script>
    <script src="/js/KalturaServices.js"></script>
    <script src="/js/KalturaClient.js"></script>
    <script src="/js/vendor/jquery.ui.widget.js"></script>
    <script src="/js/jquery.fileupload.js"></script>
    <script src="/js/jquery.fileupload-kaltura.js"></script>

    <script>
      var config = new KalturaConfiguration(1760921);
      config.serviceUrl = "https://www.kaltura.com/";
      var client = new KalturaClient(config);
      client.session.start(function(success, ks) {
        if (!success || (ks.code && ks.message)) {
          console.log('Error starting session', success, ks);
          $('#ErrorMessage').text(ks.message || 'Unknown Error').show();
        } else {
          client.setKs(ks);
        }
        // Note: this is meant only as a sample.
        // You should NEVER generate sessions on the client,
        // as this exposes your Admin Secret to users.
        // Instead, generate a session on the server and pass the
        // KS to the client.
      }, "8d6cb692ab0f41bfa6bde373204c4b40",
      "lucybot@example.com",
      KalturaSessionType.ADMIN,
      1760921)
    </script>
    
    <script type="text/javascript">
      var listCaptionAsset = function(request, callback) {
        filter = new KalturaAssetFilter();

        pager = new KalturaFilterPager();


        var getResults = function() {
          if (!client.ks) return setTimeout(getResults, 100);
          client.captionAsset.listAction(function(success, results) {
            if (!success || (results.code && results.message)) {
              console.log('Kaltura Error', success, results);
              callback(results)
            } else {
              console.log('Kaltura Result', results);
              callback(results.objects)
            }
          },
          filter,
          pager);
        }
        getResults();
      };
      var getCaptionAsset = function(request, callback) {
        var captionAssetId = null;

        var getResults = function() {
          if (!client.ks) return setTimeout(getResults, 100);
          client.captionAsset.get(function(success, results) {
            if (!success || (results.code && results.message)) {
              console.log('Kaltura Error', success, results);
              callback(results)
            } else {
              console.log('Kaltura Result', results);
              callback(results)
            }
          },
          captionAssetId);
        }
        getResults();
      };
    </script>
  </head>
  <body>
    <script id="KalturaCaptionAssetListResponse-template" type="text/x-underscore-template" style="display: none">
      <h1>Assets</h1>
      <hr></hr>
      <% result.forEach(function(asset, index) { %>
        <% if(index < 5) { %>
          <%
            print(KalturaCaptionAssetView({result: asset}));
          %>

        <% } %>
      <% }); %>
    </script>
    <script type="text/javascript">
      var KalturaCaptionAssetListResponseView = _.template($('#KalturaCaptionAssetListResponse-template').text());
    </script>

    <script id="KalturaCaptionAsset-template" type="text/x-underscore-template" style="display: none">
      <div id="ErrorMessage" class="alert alert-danger" style="display: none">
      </div>
      <% if(result.message && result.code) { %>
          <h1><%= result.message %></h1>
      <% } %>
      <% if(result.id) { %>
        <h1>Caption Asset info:</h1>
        <p>Caption Asset ID: <%= result.id %></p>
        <p>Language: <%= result.language %></p>
        <p>Size: <%= result.size %></p>
      <% } %>
    </script>
    <script type="text/javascript">
      var KalturaCaptionAssetView = _.template($('#KalturaCaptionAsset-template').text());
    </script>

    <div id="ErrorMessage" class="alert alert-danger" style="display: none"></div>
    <div class="container" style="margin-top:40px">
    </div>
    <script type="text/javascript">
      listCaptionAsset({
      }, function(result) {
        $('.container').html(KalturaCaptionAssetListResponseView({result: result}));
      })
    </script>
  </body>
</html>
