<html>
  <head>
    <script src="//ajax.googleapis.com/ajax/libs/jquery/2.1.3/jquery.min.js">
    </script>
    <link rel="stylesheet"
          href="//maxcdn.bootstrapcdn.com/bootstrap/3.3.4/css/bootstrap.min.css">
    <link rel="stylesheet"
          href="//maxcdn.bootstrapcdn.com/font-awesome/4.3.0/css/font-awesome.min.css">
    <script src="//maxcdn.bootstrapcdn.com/bootstrap/3.3.4/js/bootstrap.min.js">
    </script>
    <script src="//cdnjs.cloudflare.com/ajax/libs/underscore.js/1.8.3/underscore-min.js">
    </script>
    <script src="/js/ox.ajast.js"></script>
    <script src="/js/webtoolkit.md5.js"></script>
    <script src="/js/KalturaClientBase.js"></script>
    <script src="/js/KalturaTypes.js"></script>
    <script src="/js/KalturaVO.js"></script>
    <script src="/js/KalturaServices.js"></script>
    <script src="/js/KalturaClient.js"></script>
    <script src="/js/vendor/jquery.ui.widget.js"></script>
    <script src="/js/jquery.fileupload.js"></script>
    <script src="/js/jquery.fileupload-kaltura.js"></script>

    <script>
      var config = new KalturaConfiguration(1760921);
      config.serviceUrl = "https://www.kaltura.com/";
      var client = new KalturaClient(config);
      client.session.start(function(success, ks) {
        if (!success || (ks.code && ks.message)) {
          console.log('Error starting session', success, ks);
          $('#ErrorMessage').text(ks.message || 'Unknown Error').show();
        } else {
          client.setKs(ks);
        }
        // Note: this is meant only as a sample.
        // You should NEVER generate sessions on the client,
        // as this exposes your Admin Secret to users.
        // Instead, generate a session on the server and pass the
        // KS to the client.
      }, "8d6cb692ab0f41bfa6bde373204c4b40",
      "lucybot@example.com",
      KalturaSessionType.ADMIN,
      1760921)
    </script>
    
    <script type="text/javascript">
      var listTemplatesEventNotificationTemplate = function(request, callback) {
        filter = new KalturaEventNotificationTemplateFilter();

        pager = new KalturaFilterPager();


        var getResults = function() {
          if (!client.ks) return setTimeout(getResults, 100);
          client.eventNotificationTemplate.listTemplates(function(success, results) {
            if (!success || (results && results.code && results.message)) {
              console.log('Kaltura Error', success, results);
              callback(results)
            } else {
              console.log('Kaltura Result', results);
              callback(results.objects)
            }
          },
          filter,
          pager);
        }
        getResults();
      };
      var cloneEventNotificationTemplate = function(request, callback) {
        var template;
        if ($('input[name="email"]').length) {
          template = new KalturaEmailNotificationTemplate();
          var recipient = new KalturaEmailNotificationRecipient();
          recipient.email = $('input[name="email"]').val();
          template.to = new KalturaEmailNotificationStaticRecipientProvider();
          template.to.emailRecipients = [recipient];
        } else {
          template = new KalturaHttpNotificationTemplate();
          template.url = $('input[name="url"]').val();
        }
        template.name = $('input[name="name"]').val();
        client.eventNotificationTemplate.cloneAction(function(success, template) {
          if (!success || (template.code && template.message))
              return $('#CloneStatus').text(template.message || 'Unknown Error')
          client.eventNotificationTemplate.updateStatus(function(success, template) {
            if (!success || (template.code && template.message))
                return $('#CloneStatus').text(template.message || 'Unknown Error');
            $('#CloneStatus').text('Success!');
          }, template.id, KalturaEventNotificationTemplateStatus.ACTIVE);
        }, null, template);
      };
      var listEventNotificationTemplate = function(request, callback) {
        filter = new KalturaEventNotificationTemplateFilter();

        pager = new KalturaFilterPager();


        var getResults = function() {
          if (!client.ks) return setTimeout(getResults, 100);
          client.eventNotificationTemplate.listAction(function(success, results) {
            if (!success || (results && results.code && results.message)) {
              console.log('Kaltura Error', success, results);
              callback(results)
            } else {
              console.log('Kaltura Result', results);
              callback(results.objects)
            }
          },
          filter,
          pager);
        }
        getResults();
      };
      var listPermission = function(request, callback) {
        filter = new KalturaPermissionFilter();
        filter.nameEqual = "EVENTNOTIFICATION_PLUGIN_PERMISSION";

        pager = new KalturaFilterPager();


        var getResults = function() {
          if (!client.ks) return setTimeout(getResults, 100);
          client.permission.listAction(function(success, results) {
            if (!success || (results && results.code && results.message)) {
              console.log('Kaltura Error', success, results);
              callback(results)
            } else {
              console.log('Kaltura Result', results);
              callback(results.objects)
            }
          },
          filter,
          pager);
        }
        getResults();
      };
    </script>
  </head>
  <body>
    <script id="KalturaEventNotificationTemplateListResponse-template" type="text/x-underscore-template" style="display: none">
      <h1>Notification Templates</h1>
      <hr></hr>
      <% result.forEach(function(template, index) { %>
        <%
          print(KalturaEventNotificationTemplateView({result: template}));
        %>

      <% }); %>
    </script>
    <script type="text/javascript">
      var KalturaEventNotificationTemplateListResponseView = _.template($('#KalturaEventNotificationTemplateListResponse-template').text());
    </script>

    <script id="KalturaEventNotificationTemplate-template" type="text/x-underscore-template" style="display: none">
      <% if(result.message && result.code) { %>
        <h1><%= result.message %></h1>
      <% } else { %>
        <h3><%= result.id %> - <%= result.name %></h3>
        <p>System Name: <%= result.systemName %></p>
        <p>Type: <%= result.type %></p>
        <% if(result.type == 'httpNotification.Http') { %>
          <p>URL: <%= result.url %></p>
        <% } %>
        <% if(result.type == 'emailNotification.Email') { %>
          <p>Subject: <%= result.subject %></p>
          <div style="font-size: 12px">
            <%= result.body %>
          </div>
        <% } %>
        <hr></hr>
      <% } %>
    </script>
    <script type="text/javascript">
      var KalturaEventNotificationTemplateView = _.template($('#KalturaEventNotificationTemplate-template').text());
    </script>

    <script id="AddEventNotificationTemplateForm-template" type="text/x-underscore-template" style="display: none">
      <h1>Clone Template</h1>
      <hr></hr>
      <% result.forEach(function(template, index) { %>
        <% if(template.id == null) { %>
          <%
        print(KalturaEventNotificationTemplateView({result: template}));
      %>

          <form id="AddEventNotificationTemplateForm">
            <div class="form-group">
              <label>Template Name</label>
              <input class="form-control" type="text" name="name"></input>
            </div>
            <div class="form-group">
              <% if(template.type == 'emailNotification.Email') { %>
                <label>E-mail Address</label>
                <input class="form-control" type="text" name="email"></input>
              <% } %>
              <% if(template.type == 'httpNotification.Http') { %>
                <label>URL</label>
                <input class="form-control" type="text" name="url"></input>
              <% } %>
            </div>
            <div class="form-group">
              <input class="btn btn-success" type="submit" value="Create Notification"></input>
            </div>
          </form>
          <div class="alert alert-info" id="CloneStatus" style="display: none"></div>
        <% } %>
      <% }); %>
    </script>
    <script type="text/javascript">
      var AddEventNotificationTemplateFormView = _.template($('#AddEventNotificationTemplateForm-template').text());
    </script>

    <script id="CloneEventNotificationTemplate-template" type="text/x-underscore-template" style="display: none">
      <%
        print(AddEventNotificationTemplateFormView({result: result}));
      %>

      <script>
        $('#AddEventNotificationTemplateForm').submit(function() {
          $('#CloneStatus').text('Cloning...').show();
          cloneEventNotificationTemplate();
          return false;
        })
      <% print("</"+"script>"); %>
    </script>
    <script type="text/javascript">
      var CloneEventNotificationTemplateView = _.template($('#CloneEventNotificationTemplate-template').text());
    </script>

    <script id="KalturaPermissionListResponse-template" type="text/x-underscore-template" style="display: none">
      <% result.forEach(function(permission, index) { %>
        <%
        print(KalturaPermissionView({result: permission}));
      %>

      <% }); %>
    </script>
    <script type="text/javascript">
      var KalturaPermissionListResponseView = _.template($('#KalturaPermissionListResponse-template').text());
    </script>

    <script id="KalturaPermission-template" type="text/x-underscore-template" style="display: none">
      <h3>Permission <%= result.name %></h3>
      <p>Status:Â 
        <% if(result.status == 1) { %>
          <span>Active</span>
        <% } %>
        <% if(result.status == 2) { %>
          <span>Blocked</span>
        <% } %>
        <% if(result.status == 3) { %>
          <span>Deleted</span>
        <% } %>
      </p>
    </script>
    <script type="text/javascript">
      var KalturaPermissionView = _.template($('#KalturaPermission-template').text());
    </script>

    <div id="ErrorMessage" class="alert alert-danger" style="display: none"></div>
    <div class="container" style="margin-top:40px">
    </div>
    <script type="text/javascript">
      listTemplatesEventNotificationTemplate({
      }, function(result) {
        $('.container').html(KalturaEventNotificationTemplateListResponseView({result: result}));
      })
    </script>
    <script>
      $(".container").on('click', "a[data-action]", function(event) {
        var el = $(event.target);
        var action = window[el.attr('data-action')];
        var view = window[el.attr('data-view')];
        eval('var answers = ' + el.attr('data-answers'));
        action(answers, function(result) {
          el.parent().html(view({result: result}));
        })
      })
    </script>
  </body>
</html>
