# Be sure to restart your server when you modify this file.

# Your secret key is used for verifying the integrity of signed cookies.
# If you change this key, all old signed cookies will become invalid!

# Make sure the secret is at least 30 characters and all random,
# no regular words or you'll be exposed to dictionary attacks.
# You can use `rake secret` to generate a secure secret key.

# Make sure the secrets in this file are kept private
# if you're sharing your code publicly.

development:
  secret_key_base: 1f1dd1ebb6851d065c4dfb41937351111d6ee275b6613022faec6c3154f869e11badbc4e0f8a3855b8ff10bd76b306a7d7bd461360a13bfc5118ef774f690130

test:
  secret_key_base: bd8cba679d796ca5fe66b663ab842120da071e2d449b88c184a01ed2161e3d5b1ace096580a727fab94a40bbd893759bed2090914104c0379d38e246d1ff2fb4

# Do not keep production secrets in the repository,
# instead read values from the environment.
production:
  secret_key_base: <%= ENV["SECRET_KEY_BASE"] %>
