<!DOCTYPE html>
<html>
<head>
  <title>Railstest</title>
  <link rel="stylesheet" media="all" href="/assets/application.self-e80e8f2318043e8af94dddc2adad5a4f09739a8ebb323b3ab31cd71d45fd9113.css?body=1" />
  <script src="/assets/jquery.self-d03a5518f45df77341bdbe6201ba3bfa547ebba8ed64f0ea56bfa5f96ea7c074.js?body=1"></script>
<script src="/assets/jquery_ujs.self-ca5248a2fad13d6bd58ea121318d642f195f0b2dd818b30615f785ff365e8d1f.js?body=1"></script>
<script src="/assets/turbolinks.self-c37727e9bd6b2735da5c311aa83fead54ed0be6cc8bd9a65309e9c5abe2cbfff.js?body=1"></script>
<script src="/assets/application.self-3a3c8b61bda630ee689740ce7cbd0dd8ea6fdd45e2c42eef4661ab38cf268afe.js?body=1"></script>
</head>
<body>

<html>
  <head>
    <script src="https://ajax.googleapis.com/ajax/libs/jquery/2.1.3/jquery.min.js">
    </script>
    <link rel="stylesheet"
          href="//maxcdn.bootstrapcdn.com/bootstrap/3.3.4/css/bootstrap.min.css">
    <link rel="stylesheet"
          href="//maxcdn.bootstrapcdn.com/font-awesome/4.3.0/css/font-awesome.min.css">
    <script src="//maxcdn.bootstrapcdn.com/bootstrap/3.3.4/js/bootstrap.min.js">
    </script>
    
  </head>
  <body>
    <div class="container" style="margin-top:40px">
      <div class="KalturaEventNotificationTemplateListResponse"></div>
      <script>
        var element = $('.KalturaEventNotificationTemplateListResponse').last();
        element[0].loadData = function() {
          $('.KalturaEventNotificationTemplateListResponse').last().load('listEventNotificationTemplate', {});
        }
        element[0].loadData();
      </script>

    </div>
    <script>
      $(".container").on('click', "a[data-action]", function(event) {
        var el = $(event.target);
        var action = el.attr('data-action');
        var view = el.attr('data-view');
        eval('var answers = ' + el.attr('data-answers'));
        el.parent().load(action, answers);
      })
    </script>
  </body>
</html>


</body>
</html>
