<html>
  <head>
    <script src="//ajax.googleapis.com/ajax/libs/jquery/2.1.3/jquery.min.js">
    </script>
    <link rel="stylesheet"
          href="//maxcdn.bootstrapcdn.com/bootstrap/3.3.4/css/bootstrap.min.css">
    <link rel="stylesheet"
          href="//maxcdn.bootstrapcdn.com/font-awesome/4.3.0/css/font-awesome.min.css">
    <script src="//maxcdn.bootstrapcdn.com/bootstrap/3.3.4/js/bootstrap.min.js">
    </script>
    <script src="//cdnjs.cloudflare.com/ajax/libs/underscore.js/1.8.3/underscore-min.js">
    </script>
    <script src="/js/ox.ajast.js"></script>
    <script src="/js/webtoolkit.md5.js"></script>
    <script src="/js/KalturaClientBase.js"></script>
    <script src="/js/KalturaTypes.js"></script>
    <script src="/js/KalturaVO.js"></script>
    <script src="/js/KalturaServices.js"></script>
    <script src="/js/KalturaClient.js"></script>
    <script src="/js/vendor/jquery.ui.widget.js"></script>
    <script src="/js/jquery.fileupload.js"></script>
    <script src="/js/jquery.fileupload-kaltura.js"></script>

    <script>
      var config = new KalturaConfiguration(1760921);
      config.serviceUrl = "https://www.kaltura.com/";
      var client = new KalturaClient(config);
      client.session.start(function(success, ks) {
        if (!success || (ks.code && ks.message)) {
          console.log('Error starting session', success, ks);
          $('#ErrorMessage').text(ks.message || 'Unknown Error').show();
        } else {
          client.setKs(ks);
        }
        // Note: this is meant only as a sample.
        // You should NEVER generate sessions on the client,
        // as this exposes your Admin Secret to users.
        // Instead, generate a session on the server and pass the
        // KS to the client.
      }, "8d6cb692ab0f41bfa6bde373204c4b40",
      "lucybot@example.com",
      KalturaSessionType.ADMIN,
      1760921)
    </script>
    <script src="https://cdnapisec.kaltura.com/p/1760921/sp/176092100/embedIframeJs/uiconf_id/30633631/partner_id/1760921"></script>
    <script type="text/javascript">
      var listCuePoint = function(request, callback) {
        filter = new KalturaCuePointFilter();
        filter.cuePointTypeEqual = KalturaCuePointType.CODE;
        filter.entryIdEqual = "1_318vzqcr";

        pager = new KalturaFilterPager();


        var getResults = function() {
          if (!client.ks) return setTimeout(getResults, 100);
          client.cuePoint.listAction(function(success, results) {
            if (!success || (results && results.code && results.message)) {
              console.log('Kaltura Error', success, results);
              callback(results)
            } else {
              console.log('Kaltura Result', results);
              callback(results.objects)
            }
          },
          filter,
          pager);
        }
        getResults();
      };
      var getMedia = function(request, callback) {
        var entryId = request.entryId;
        var version = null;

        var getResults = function() {
          if (!client.ks) return setTimeout(getResults, 100);
          client.media.get(function(success, results) {
            if (!success || (results && results.code && results.message)) {
              console.log('Kaltura Error', success, results);
            }
            callback(results)
          },
          entryId,
          version);
        }
        getResults();
      };
    </script>
  </head>
  <body>
    <script id="CodeCuePointListResponse-template" type="text/x-underscore-template" style="display: none">
      <h1>Cue Points</h1>
      <hr></hr>
      <% if(result.length === 0) { %>
        <i>No cue points found</i>
      <% } %>
      <% result.forEach(function(cuePoint, index) { %>
        <h3><%= cuePoint.code %></h3>
        <p><%= cuePoint.startTime %>ms - <%= cuePoint.endTime %>ms</p>
        <p><%= cuePoint.description %></p>
      <% }); %>
      <%
        print(AddCodeCuePointView({result: result}));
      %>

      <hr></hr>
    </script>
    <script type="text/javascript">
      var CodeCuePointListResponseView = _.template($('#CodeCuePointListResponse-template').text());
    </script>

    <script id="KalturaMediaEntry-template" type="text/x-underscore-template" style="display: none">
      <div class="row" style="margin-bottom: 10px">
        <div class="col-xs-12 col-md-5">
          <h2><%= result.name %></h2>
          <p><%= result.description %></p>
        </div>
        <div class="col-xs-12 col-md-6 col-md-offset-1">
          <script src="https://cdnapisec.kaltura.com/p/<%= result.partnerId %>/sp/<%= result.partnerId %>00/embedIframeJs/uiconf_id/30633631/partner_id/<%= result.partnerId %>">
          <% print("</"+"script>"); %>
          <div id="kaltura_player_<%= result.id %>" style="width: 560px; height: 395px;">
          </div>
          <script>
          kWidget.thumbEmbed({
            "targetId": "kaltura_player_<%= result.id %>",
            "wid": "_<%= result.partnerId %>",
            "uiconf_id": 30633631,
            "flashvars": {},
            "cache_st": 1437326770,
            "entry_id": "<%= result.id %>"
          });
          <% print("</"+"script>"); %>
        </div>
      </div>
    </script>
    <script type="text/javascript">
      var KalturaMediaEntryView = _.template($('#KalturaMediaEntry-template').text());
    </script>

    <script id="AddCodeCuePointForm-template" type="text/x-underscore-template" style="display: none">
      <form id="AddCodeCuePointForm">
        <div class="form-group">
          <label>Code</label>
          <input class="form-control" type="text" name="code"></input>
        </div>
        <div class="form-group">
          <label>Description</label>
          <input class="form-control" type="text" name="description"></input>
        </div>
        <div class="form-group">
          <label>Start Time (ms)</label>
          <input class="form-control" type="number" name="startTime"></input>
        </div>
        <div class="form-group">
          <input class="btn btn-success" type="submit" value="Add Cue Point"></input>
        </div>
      </form>
      <hr></hr>
      <div id="CodeCuePointAdded"></div>
    </script>
    <script type="text/javascript">
      var AddCodeCuePointFormView = _.template($('#AddCodeCuePointForm-template').text());
    </script>

    <script id="AddCodeCuePoint-template" type="text/x-underscore-template" style="display: none">
      <%
        print(AddCodeCuePointFormView({result: result}));
      %>

      <script>
        $('#AddCodeCuePointForm').submit(function() {
          var cuePoint = new KalturaCodeCuePoint();
          cuePoint.cuePointType = KalturaCuePointType.CODE;
          cuePoint.entryId = "1_318vzqcr";
          cuePoint.code = $('input[name="code"]').val();
          cuePoint.description = $('input[name="description"]').val();
          cuePoint.startTime = $('input[name="startTime"]').val();
          client.cuePoint.add(function(success, cuePoint) {
            $('.container').html(CodeCuePointAddedView({result: cuePoint}));
          }, cuePoint);
          return false;
        })
      <% print("</"+"script>"); %>
    </script>
    <script type="text/javascript">
      var AddCodeCuePointView = _.template($('#AddCodeCuePoint-template').text());
    </script>

    <script id="CodeCuePointAdded-template" type="text/x-underscore-template" style="display: none">
      <div id="CuePoints">
        <table class="table">
          <tr>
            <td>Code</td>
            <td>Start Time</td>
            <td>End Time</td>
          </tr>
        </table>
      </div>
      <hr></hr>
      <div id="getMedia-result"></div>
      <%
        getMedia({
             'entryId': "1_318vzqcr",
        }, function(result) {
          $('#getMedia-result').replaceWith(KalturaMediaEntryView({result: result}))
        })
      %>

      <script>
        jsCallbackReady = function(playerId) {
          $('#' + playerId)[0].addJsListener( "cuePointReached", "writeLog" );
          window['writeLog'] = function(result) {
            var cuePoint = result.cuePoint
            $('table').append(
              '<tr><td>' + cuePoint.code +
              '</td><td>' + cuePoint.startTime +
              '</td><td>' + cuePoint.endTime + '</td></tr>'
            );
          }
        }
      <% print("</"+"script>"); %>
    </script>
    <script type="text/javascript">
      var CodeCuePointAddedView = _.template($('#CodeCuePointAdded-template').text());
    </script>

    <div id="ErrorMessage" class="alert alert-danger" style="display: none"></div>
    <div class="container" style="margin-top:40px">
    </div>
    <script type="text/javascript">
      listCuePoint({
      }, function(result) {
        $('.container').html(CodeCuePointListResponseView({result: result}));
      })
    </script>
    <script>
      $(".container").on('click', "a[data-action]", function(event) {
        var el = $(event.target);
        var action = window[el.attr('data-action')];
        var view = window[el.attr('data-view')];
        eval('var answers = ' + el.attr('data-answers'));
        action(answers, function(result) {
          el.parent().html(view({result: result}));
        })
      })
    </script>
  </body>
</html>
