<html>
  <head>
    <script src="//ajax.googleapis.com/ajax/libs/jquery/2.1.3/jquery.min.js">
    </script>
    <link rel="stylesheet"
          href="//maxcdn.bootstrapcdn.com/bootstrap/3.3.4/css/bootstrap.min.css">
    <link rel="stylesheet"
          href="//maxcdn.bootstrapcdn.com/font-awesome/4.3.0/css/font-awesome.min.css">
    <script src="//maxcdn.bootstrapcdn.com/bootstrap/3.3.4/js/bootstrap.min.js">
    </script>
    <script src="//cdnjs.cloudflare.com/ajax/libs/underscore.js/1.8.3/underscore-min.js">
    </script>
    <script src="/js/ox.ajast.js"></script>
    <script src="/js/webtoolkit.md5.js"></script>
    <script src="/js/KalturaClientBase.js"></script>
    <script src="/js/KalturaTypes.js"></script>
    <script src="/js/KalturaVO.js"></script>
    <script src="/js/KalturaServices.js"></script>
    <script src="/js/KalturaClient.js"></script>
    <script src="/js/vendor/jquery.ui.widget.js"></script>
    <script src="/js/jquery.fileupload.js"></script>
    <script src="/js/jquery.fileupload-kaltura.js"></script>

    <script>
      var config = new KalturaConfiguration(1760921);
      config.serviceUrl = "https://www.kaltura.com/";
      var client = new KalturaClient(config);
      client.session.start(function(success, ks) {
        if (!success || (ks.code && ks.message)) {
          console.log('Error starting session', success, ks);
          $('#ErrorMessage').text(ks.message || 'Unknown Error').show();
        } else {
          client.setKs(ks);
        }
        // Note: this is meant only as a sample.
        // You should NEVER generate sessions on the client,
        // as this exposes your Admin Secret to users.
        // Instead, generate a session on the server and pass the
        // KS to the client.
      }, "8d6cb692ab0f41bfa6bde373204c4b40",
      "lucybot@example.com",
      KalturaSessionType.ADMIN,
      1760921)
    </script>
    
    <script type="text/javascript">
      var getTableReport = function(request, callback) {
        reportInputFilter = new KalturaReportInputFilter();
        reportInputFilter.fromDay = "20150615";
        reportInputFilter.toDay = "20150715";

        pager = new KalturaFilterPager();

        var reportType = KalturaReportType.USER_TOP_CONTENT;
        var order = "count_plays";
        var objectIds = null;

        var getResults = function() {
          if (!client.ks) return setTimeout(getResults, 100);
          client.report.getTable(function(success, results) {
            if (!success || (results && results.code && results.message)) {
              console.log('Kaltura Error', success, results);
            }
            callback(results)
          },
          reportType,
          reportInputFilter,
          pager,
          order,
          objectIds);
        }
        getResults();
      };
    </script>
  </head>
  <body>
    <script id="KalturaReportTable-template" type="text/x-underscore-template" style="display: none">
      <table class="table">
        <tr id="Header">
          <td><%= result.header %></td>
        </tr>
        <tr id="Data">
          <td><%= result.data %></td>
        </tr>
      </table>
      <script>
        var getRow = function(csv) {
          return '<tr><td>' + csv.replace(/,/g, '</td><td>') + '</td></tr>';
        }
        var headers = $('#Header td').text();
        var data = $('#Data td').text();
        var rows = data.split(';');
        $('table').html('');
        $('table').append(getRow(headers));
        rows.forEach(function(row) {
          $('table').append(getRow(row));
        })
      <% print("</"+"script>"); %>
    </script>
    <script type="text/javascript">
      var KalturaReportTableView = _.template($('#KalturaReportTable-template').text());
    </script>

    <div id="ErrorMessage" class="alert alert-danger" style="display: none"></div>
    <div class="container" style="margin-top:40px">
    </div>
    <script type="text/javascript">
      getTableReport({
      }, function(result) {
        $('.container').html(KalturaReportTableView({result: result}));
      })
    </script>
    <script>
      $(".container").on('click', "a[data-action]", function(event) {
        var el = $(event.target);
        var action = window[el.attr('data-action')];
        var view = window[el.attr('data-view')];
        eval('var answers = ' + el.attr('data-answers'));
        action(answers, function(result) {
          el.parent().html(view({result: result}));
        })
      })
    </script>
  </body>
</html>
