<html>
  <head>
    <script src="//ajax.googleapis.com/ajax/libs/jquery/2.1.3/jquery.min.js">
    </script>
    <link rel="stylesheet"
          href="//maxcdn.bootstrapcdn.com/bootstrap/3.3.4/css/bootstrap.min.css">
    <link rel="stylesheet"
          href="//maxcdn.bootstrapcdn.com/font-awesome/4.3.0/css/font-awesome.min.css">
    <script src="//maxcdn.bootstrapcdn.com/bootstrap/3.3.4/js/bootstrap.min.js">
    </script>
    <script src="//cdnjs.cloudflare.com/ajax/libs/underscore.js/1.8.3/underscore-min.js">
    </script>
    <script src="/js/ox.ajast.js"></script>
    <script src="/js/webtoolkit.md5.js"></script>
    <script src="/js/KalturaClientBase.js"></script>
    <script src="/js/KalturaTypes.js"></script>
    <script src="/js/KalturaVO.js"></script>
    <script src="/js/KalturaServices.js"></script>
    <script src="/js/KalturaClient.js"></script>
    <script src="/js/vendor/jquery.ui.widget.js"></script>
    <script src="/js/jquery.fileupload.js"></script>
    <script src="/js/jquery.fileupload-kaltura.js"></script>

    <script>
      var config = new KalturaConfiguration(1760921);
      config.serviceUrl = "https://www.kaltura.com/";
      var client = new KalturaClient(config);
      client.session.start(function(success, ks) {
        if (!success || (ks.code && ks.message)) {
          console.log('Error starting session', success, ks);
          $('#ErrorMessage').text(ks.message || 'Unknown Error').show();
        } else {
          client.setKs(ks);
        }
        // Note: this is meant only as a sample.
        // You should NEVER generate sessions on the client,
        // as this exposes your Admin Secret to users.
        // Instead, generate a session on the server and pass the
        // KS to the client.
      }, "8d6cb692ab0f41bfa6bde373204c4b40",
      "lucybot@example.com",
      KalturaSessionType.ADMIN,
      1760921)
    </script>
    
    <script type="text/javascript">
      var getUser = function(request, callback) {
        var userId = "lucybot@example.com";

        var getResults = function() {
          if (!client.ks) return setTimeout(getResults, 100);
          client.user.get(function(success, results) {
            if (!success || (results && results.code && results.message)) {
              console.log('Kaltura Error', success, results);
            }
            callback(results)
          },
          userId);
        }
        getResults();
      };
    </script>
  </head>
  <body>
    <script id="KalturaUser-template" type="text/x-underscore-template" style="display: none">
      <div id="ErrorMessage" class="alert alert-danger" style="display: none">
      </div>
      <% if(result.message && result.code) { %>
        <h1><%= result.message %></h1>
      <% } %>
      <% if(result.partnerId) { %>
        <h1>Logged In!</h1>
        <p>Partner ID: <%= result.partnerId %></p>
        <p>Screen Name: <%= result.screenName %></p>
        <p>Name: <%= result.fullName %></p>
      <% } %>
    </script>
    <script type="text/javascript">
      var KalturaUserView = _.template($('#KalturaUser-template').text());
    </script>

    <div id="ErrorMessage" class="alert alert-danger" style="display: none"></div>
    <div class="container" style="margin-top:40px">
    </div>
    <script type="text/javascript">
      getUser({
      }, function(result) {
        $('.container').html(KalturaUserView({result: result}));
      })
    </script>
    <script>
      $(".container").on('click', "a[data-action]", function(event) {
        var el = $(event.target);
        var action = window[el.attr('data-action')];
        var view = window[el.attr('data-view')];
        eval('var answers = ' + el.attr('data-answers'));
        action(answers, function(result) {
          el.parent().html(view({result: result}));
        })
      })
    </script>
  </body>
</html>
