<html>
  <head>
    <script src="//ajax.googleapis.com/ajax/libs/jquery/2.1.3/jquery.min.js">
    </script>
    <link rel="stylesheet"
          href="//maxcdn.bootstrapcdn.com/bootstrap/3.3.4/css/bootstrap.min.css">
    <link rel="stylesheet"
          href="//maxcdn.bootstrapcdn.com/font-awesome/4.3.0/css/font-awesome.min.css">
    <script src="//maxcdn.bootstrapcdn.com/bootstrap/3.3.4/js/bootstrap.min.js">
    </script>
    <script src="//cdnjs.cloudflare.com/ajax/libs/underscore.js/1.8.3/underscore-min.js">
    </script>
    <script src="/js/ox.ajast.js"></script>
    <script src="/js/webtoolkit.md5.js"></script>
    <script src="/js/KalturaClientBase.js"></script>
    <script src="/js/KalturaTypes.js"></script>
    <script src="/js/KalturaVO.js"></script>
    <script src="/js/KalturaServices.js"></script>
    <script src="/js/KalturaClient.js"></script>
    <script src="/js/vendor/jquery.ui.widget.js"></script>
    <script src="/js/jquery.fileupload.js"></script>
    <script src="/js/jquery.fileupload-kaltura.js"></script>

    <script>
      var config = new KalturaConfiguration(1760921);
      config.serviceUrl = "https://www.kaltura.com/";
      var client = new KalturaClient(config);
      client.session.start(function(success, ks) {
        if (!success || (ks.code && ks.message)) {
          console.log('Error starting session', success, ks);
          $('#ErrorMessage').text(ks.message || 'Unknown Error').show();
        } else {
          client.setKs(ks);
        }
        // Note: this is meant only as a sample.
        // You should NEVER generate sessions on the client,
        // as this exposes your Admin Secret to users.
        // Instead, generate a session on the server and pass the
        // KS to the client.
      }, "8d6cb692ab0f41bfa6bde373204c4b40",
      "lucybot@example.com",
      KalturaSessionType.ADMIN,
      1760921)
    </script>
    <script src="https://cdnapisec.kaltura.com/p/1760921/sp/176092100/embedIframeJs/uiconf_id/30633631/partner_id/1760921"></script>
    <script type="text/javascript">
      var CreateMediaEntry = function(request, callback) {
        entry = new KalturaMediaEntry();
        entry.name = request.name;
        entry.mediaType = 1;
        client.media.add(function(success, entry) {
          if (!success || (entry.code && entry.message)) {
            return console.log('Kaltura Error', success, entry);
          }
          var mediaResource = new KalturaUploadedFileTokenResource();
          mediaResource.token = request.uploadTokenId;
          var checkStatus = function(success, results) {
            if (!success || (results.code && results.message)) {
              console.log('Kaltura Error', success, results);
            } else if (results.status !== 2) {
              var statusMessage = results.status === 1 ?
                  'converting' : 'status ' + results.status;
              $('#UploadStatus').text(
                  'Entry not ready yet (' + statusMessage + ')');
              setTimeout(function() {
                client.media.get(checkStatus, results.id);
              }, 1000);
            } else {
              $('#UploadStatusBar').hide();
              $('#UploadSuccess').show();
              callback(results)
            }
          }
          client.media.addContent(checkStatus, entry.id, mediaResource);
        }, entry);
      };
    </script>
  </head>
  <body>
    <script id="UploadForm-template" type="text/x-underscore-template" style="display: none">
      <script type="text/javascript">
        var setupUpload = function() {
          if (!client.ks) return setTimeout(setupUpload, 100);
          file = $('input[name="fileData"]').fileupload({
            apiURL:'https://www.kaltura.com/api_v3/',
            url: 'https://www.kaltura.com/api_v3/?service=uploadToken&action=upload&format=1',
            ks: client.ks,
            singleFileUploads: true,
            dataType: 'json',
            autoUpload: true,
            submit: function(e, data) {
              $('#UploadStatusBar').show();
            },
            done: function(e, data) {
              $('#UploadDone').html(UploadDoneView({result: data.result}));
            },
          });
        };
        $(document).ready(setupUpload);
      <% print("</"+"script>"); %>

      <h1>Upload Video</h1>
      <hr></hr>
      <label>Video to Upload</label>
      <input type="file" name="fileData"></input>
      <div id="UploadStatusBar" class="alert alert-info" style="display: none">
        <i class="fa fa-spin fa-refresh"></i>  
        <span id="UploadStatus">
          Uploading
        </span>
      </div>
      <div id="UploadSuccess" class="alert alert-success" style="display: none">
        Entry was converted successfully and is ready for playback
      </div>
      <div id="UploadDone"></div>
    </script>
    <script type="text/javascript">
      var UploadFormView = _.template($('#UploadForm-template').text());
    </script>

    <script id="UploadDone-template" type="text/x-underscore-template" style="display: none">
      <script>
        $('#UploadStatus').text('Uploaded file <%= result.fileName %>. Creating entry...');
      <% print("</"+"script>"); %>

      <div id="CreateMediaEntry-result"></div>
      <%
        CreateMediaEntry({
             'name': result.fileName,
             'uploadTokenId': result.id,
        }, function(result) {
          $('#CreateMediaEntry-result').replaceWith(KalturaMediaEntryView({result: result}))
        })
      %>
    </script>
    <script type="text/javascript">
      var UploadDoneView = _.template($('#UploadDone-template').text());
    </script>

    <script id="KalturaMediaEntry-template" type="text/x-underscore-template" style="display: none">
      <div class="row" style="margin-bottom: 10px">
        <div class="col-xs-12 col-md-5">
          <h2><%= result.name %></h2>
          <p><%= result.description %></p>
        </div>
        <div class="col-xs-12 col-md-6 col-md-offset-1">
          <script src="https://cdnapisec.kaltura.com/p/<%= result.partnerId %>/sp/<%= result.partnerId %>00/embedIframeJs/uiconf_id/30633631/partner_id/<%= result.partnerId %>">
          <% print("</"+"script>"); %>
          <div id="kaltura_player_<%= result.id %>" style="width: 560px; height: 395px;">
          </div>
          <script>
          kWidget.thumbEmbed({
            "targetId": "kaltura_player_<%= result.id %>",
            "wid": "_<%= result.partnerId %>",
            "uiconf_id": 30633631,
            "flashvars": {},
            "cache_st": 1437326770,
            "entry_id": "<%= result.id %>"
          });
          <% print("</"+"script>"); %>
        </div>
      </div>
    </script>
    <script type="text/javascript">
      var KalturaMediaEntryView = _.template($('#KalturaMediaEntry-template').text());
    </script>

    <div id="ErrorMessage" class="alert alert-danger" style="display: none"></div>
    <div class="container" style="margin-top:40px">
    </div>
    <script type="text/javascript">
      $('.container').html(UploadFormView())
    </script>
    <script>
      $(".container").on('click', "a[data-action]", function(event) {
        var el = $(event.target);
        var action = window[el.attr('data-action')];
        var view = window[el.attr('data-view')];
        eval('var answers = ' + el.attr('data-answers'));
        action(answers, function(result) {
          el.parent().html(view({result: result}));
        })
      })
    </script>
  </body>
</html>
