<html>
  <head>
    <script src="//ajax.googleapis.com/ajax/libs/jquery/2.1.3/jquery.min.js">
    </script>
    <link rel="stylesheet"
          href="//maxcdn.bootstrapcdn.com/bootstrap/3.3.4/css/bootstrap.min.css">
    <link rel="stylesheet"
          href="//maxcdn.bootstrapcdn.com/font-awesome/4.3.0/css/font-awesome.min.css">
    <script src="//maxcdn.bootstrapcdn.com/bootstrap/3.3.4/js/bootstrap.min.js">
    </script>
    <script src="//cdnjs.cloudflare.com/ajax/libs/underscore.js/1.8.3/underscore-min.js">
    </script>
    <script src="/js/ox.ajast.js"></script>
    <script src="/js/webtoolkit.md5.js"></script>
    <script src="/js/KalturaClientBase.js"></script>
    <script src="/js/KalturaTypes.js"></script>
    <script src="/js/KalturaVO.js"></script>
    <script src="/js/KalturaServices.js"></script>
    <script src="/js/KalturaClient.js"></script>
    <script src="/js/vendor/jquery.ui.widget.js"></script>
    <script src="/js/jquery.fileupload.js"></script>
    <script src="/js/jquery.fileupload-kaltura.js"></script>

    <script>
      var config = new KalturaConfiguration(1760921);
      config.serviceUrl = "https://www.kaltura.com/";
      var client = new KalturaClient(config);
      client.session.start(function(success, ks) {
        if (!success || (ks.code && ks.message)) {
          console.log('Error starting session', success, ks);
          $('#ErrorMessage').text(ks.message || 'Unknown Error').show();
        } else {
          client.setKs(ks);
        }
        // Note: this is meant only as a sample.
        // You should NEVER generate sessions on the client,
        // as this exposes your Admin Secret to users.
        // Instead, generate a session on the server and pass the
        // KS to the client.
      }, "8d6cb692ab0f41bfa6bde373204c4b40",
      "lucybot@example.com",
      KalturaSessionType.ADMIN,
      1760921)
    </script>
    <script src="https://cdnapisec.kaltura.com/p/1760921/sp/176092100/embedIframeJs/uiconf_id/30633631/partner_id/1760921"></script>
    <script type="text/javascript">
      var getMedia = function(request, callback) {
        var entryId = "1_9kdmnhuv";
        var version = null;

        var getResults = function() {
          if (!client.ks) return setTimeout(getResults, 100);
          client.media.get(function(success, results) {
            if (!success || (results && results.code && results.message)) {
              console.log('Kaltura Error', success, results);
            }
            callback(results)
          },
          entryId,
          version);
        }
        getResults();
      };
      var searchCaptionAssetItem = function(request, callback) {
        entryFilter = new KalturaBaseEntryFilter();

        captionAssetItemFilter = new KalturaCaptionAssetItemFilter();
        captionAssetItemFilter.contentLike = "support";

        captionAssetItemPager = new KalturaFilterPager();


        var getResults = function() {
          if (!client.ks) return setTimeout(getResults, 100);
          client.captionAssetItem.search(function(success, results) {
            if (!success || (results && results.code && results.message)) {
              console.log('Kaltura Error', success, results);
              callback(results)
            } else {
              console.log('Kaltura Result', results);
              callback(results.objects)
            }
          },
          entryFilter,
          captionAssetItemFilter,
          captionAssetItemPager);
        }
        getResults();
      };
      var attachCaptions = function(request, callback) {
        var captionResource = new KalturaUploadedFileTokenResource();
        captionResource.token = request.token;
        var captionAsset = new KalturaCaptionAsset();
        captionAsset.format = KalturaCaptionType.SRT;
        captionAsset.isDefault = true;
        captionAsset.language = KalturaLanguage.EN;
        captionAsset.label = 'English';
        client.captionAsset.add(function(success, newAsset) {
          client.captionAsset.setContent(function(success, response) {
            callback(response)
          }, newAsset.id, captionResource);
        }, "1_9kdmnhuv", captionAsset);
      };
    </script>
  </head>
  <body>
    <script id="KalturaMediaEntry-template" type="text/x-underscore-template" style="display: none">
      <div class="row" style="margin-bottom: 10px">
        <div class="col-xs-12 col-md-5">
          <h2><%= result.name %></h2>
          <p><%= result.description %></p>
        </div>
        <div class="col-xs-12 col-md-6 col-md-offset-1">
          <script src="https://cdnapisec.kaltura.com/p/<%= result.partnerId %>/sp/<%= result.partnerId %>00/embedIframeJs/uiconf_id/30633631/partner_id/<%= result.partnerId %>">
          <% print("</"+"script>"); %>
          <div id="kaltura_player_<%= result.id %>" style="width: 560px; height: 395px;">
          </div>
          <script>
          kWidget.thumbEmbed({
            "targetId": "kaltura_player_<%= result.id %>",
            "wid": "_<%= result.partnerId %>",
            "uiconf_id": 30633631,
            "flashvars": {},
            "cache_st": 1437326770,
            "entry_id": "<%= result.id %>"
          });
          <% print("</"+"script>"); %>
        </div>
      </div>
    </script>
    <script type="text/javascript">
      var KalturaMediaEntryView = _.template($('#KalturaMediaEntry-template').text());
    </script>

    <script id="UploadCaptions-template" type="text/x-underscore-template" style="display: none">
      <script type="text/javascript">
        var setupUpload = function() {
          if (!client.ks) return setTimeout(setupUpload, 100);
          file = $('input[name="fileData"]').fileupload({
            apiURL:'https://www.kaltura.com/api_v3/',
            url: 'https://www.kaltura.com/api_v3/?service=uploadToken&action=upload&format=1',
            ks: client.ks,
            singleFileUploads: true,
            dataType: 'json',
            autoUpload: true,
            submit: function(e, data) {
              $('#Uploading').show();
            },
            done: function(e, data) {
              $('#Uploading').hide();
              $('#UploadDone').html(CaptionUploadDoneView({result: data.result}));
            },
          });
        };
        $(document).ready(setupUpload);
      <% print("</"+"script>"); %>

      <h1>Upload Captions</h1>
      <hr></hr>
      <div id="Uploading" class="alert alert-info hidden">
        <p>Uploading </p>
        <i class="fa fa-spin fa-refresh"></i>
      </div>
      <label>Caption File (SRT)</label>
      <input type="file" name="fileData"></input>
      <div id="UploadDone"></div>
    </script>
    <script type="text/javascript">
      var UploadCaptionsView = _.template($('#UploadCaptions-template').text());
    </script>

    <script id="CaptionUploadDone-template" type="text/x-underscore-template" style="display: none">
      <p>Caption file uploaded. Adding to video 1_9kdmnhuv</p>
      <div id="attachCaptions-result"></div>
      <%
        attachCaptions({
             'token': result.id,
        }, function(result) {
          $('#attachCaptions-result').replaceWith(CaptionsAttachedView({result: result}))
        })
      %>
    </script>
    <script type="text/javascript">
      var CaptionUploadDoneView = _.template($('#CaptionUploadDone-template').text());
    </script>

    <script id="CaptionsAttached-template" type="text/x-underscore-template" style="display: none">
      <p>Captions attached!</p>
      <div id="getMedia-result"></div>
      <%
        getMedia({
        }, function(result) {
          $('#getMedia-result').replaceWith(KalturaMediaEntryView({result: result}))
        })
      %>
    </script>
    <script type="text/javascript">
      var CaptionsAttachedView = _.template($('#CaptionsAttached-template').text());
    </script>

    <script id="CaptionSearch-template" type="text/x-underscore-template" style="display: none">
      <h1>Search Results for support</h1>
      <hr></hr>
      <% result.forEach(function(caption, index) { %>
        <div class="row">
          <div class="col-xs-4 text-right">
            <img src="<%= caption.entry.thumbnailUrl %>"></img>
          </div>
          <div class="col-xs-7 col-xs-offset-1">
            <p>
              <i><%= caption.content %></i>
            </p>
          </div>
        </div>
        <hr></hr>
      <% }); %>
    </script>
    <script type="text/javascript">
      var CaptionSearchView = _.template($('#CaptionSearch-template').text());
    </script>

    <div id="ErrorMessage" class="alert alert-danger" style="display: none"></div>
    <div class="container" style="margin-top:40px">
    </div>
    <script type="text/javascript">
      $('.container').html(UploadCaptionsView())
    </script>
    <script>
      $(".container").on('click', "a[data-action]", function(event) {
        var el = $(event.target);
        var action = window[el.attr('data-action')];
        var view = window[el.attr('data-view')];
        eval('var answers = ' + el.attr('data-answers'));
        action(answers, function(result) {
          el.parent().html(view({result: result}));
        })
      })
    </script>
  </body>
</html>
